timeStamp,elapsed,label,responseCode,responseMessage,threadName,dataType,success,failureMessage,bytes,sentBytes,grpThreads,allThreads,Latency,IdleTime,Connect
1498734253806,147,Home Page,200,OK,Scenario 1 1-1,text,true,,9035,384,1,1,144,0,76
1498734254738,27,Home Page,200,OK,Scenario 1 1-2,text,true,,9035,384,2,2,27,0,1
1498734255034,7,Page Returning 404,404,Not Found,Scenario 1 1-1,text,true,,3558,431,2,2,7,0,1
1498734255043,23,Home Page,200,OK,Scenario 1 1-1,text,true,,9035,436,2,2,22,0,0
1498734255735,23,Home Page,200,OK,Scenario 1 1-3,text,true,,9035,384,3,3,23,0,1
1498734255810,6,Page Returning 404,404,Not Found,Scenario 1 1-2,text,true,,3558,431,3,3,6,0,0
1498734255817,26,Home Page,200,OK,Scenario 1 1-2,text,true,,9035,436,3,3,25,0,0
1498734256112,7,Page Returning 404,404,Not Found,Scenario 1 1-1,text,true,,3558,431,3,3,7,0,1
1498734256121,23,Home Page,200,OK,Scenario 1 1-1,text,true,,9035,436,3,3,23,0,0
1498734256732,23,Home Page,200,OK,Scenario 1 1-4,text,true,,9035,384,4,4,23,0,1
1498734256785,7,Page Returning 404,404,Not Found,Scenario 1 1-3,text,true,,3558,431,4,4,7,0,0
1498734256793,32,Home Page,200,OK,Scenario 1 1-3,text,true,,9035,436,4,4,31,0,1
1498734256940,8,Page Returning 404,404,Not Found,Scenario 1 1-2,text,true,,3558,431,4,4,8,0,1
1498734256948,23,Home Page,200,OK,Scenario 1 1-2,text,true,,9035,436,4,4,23,0,1
1498734257237,8,Page Returning 404,404,Not Found,Scenario 1 1-1,text,true,,3558,431,4,4,8,0,1
1498734257245,23,Home Page,200,OK,Scenario 1 1-1,text,true,,9035,436,4,4,23,0,1
1498734257736,24,Home Page,200,OK,Scenario 1 1-5,text,true,,9035,384,5,5,24,0,1
1498734257772,7,Page Returning 404,404,Not Found,Scenario 1 1-4,text,true,,3558,431,5,5,7,0,1
1498734257780,24,Home Page,200,OK,Scenario 1 1-4,text,true,,9035,436,5,5,24,0,0
1498734257881,10,Page Returning 404,404,Not Found,Scenario 1 1-3,text,true,,3558,431,5,5,10,0,1
1498734257892,33,Home Page,200,OK,Scenario 1 1-3,text,true,,9035,436,5,5,33,0,1
1498734258068,8,Page Returning 404,404,Not Found,Scenario 1 1-2,text,true,,3558,431,5,5,8,0,1
1498734258076,23,Home Page,200,OK,Scenario 1 1-2,text,true,,9035,436,5,5,23,0,1
1498734258271,8,Page Returning 404,404,Not Found,Scenario 1 1-1,text,true,,3558,431,5,5,7,0,1
1498734258279,23,Home Page,200,OK,Scenario 1 1-1,text,true,,9035,436,5,5,23,0,1
1498734258828,8,Page Returning 404,404,Not Found,Scenario 1 1-5,text,true,,3558,431,5,5,7,0,1
1498734258836,8,Page Returning 404,404,Not Found,Scenario 1 1-4,text,true,,3558,431,5,5,6,0,0
1498734258836,38,Home Page,200,OK,Scenario 1 1-5,text,true,,9035,436,5,5,38,0,1
1498734258844,48,Home Page,200,OK,Scenario 1 1-4,text,true,,9035,436,5,5,48,0,1
1498734258932,6,Page Returning 404,404,Not Found,Scenario 1 1-3,text,true,,3558,431,5,5,6,0,0
1498734258939,31,Home Page,200,OK,Scenario 1 1-3,text,true,,9035,436,5,5,30,0,0
1498734259113,11,Page Returning 404,404,Not Found,Scenario 1 1-2,text,true,,3558,431,5,5,11,0,2
1498734259124,27,Home Page,200,OK,Scenario 1 1-2,text,true,,9035,436,5,5,27,0,1
1498734259403,37,Page Returning 404,404,Not Found,Scenario 1 1-1,text,true,,3558,431,5,5,37,0,1
1498734259441,55,Home Page,200,OK,Scenario 1 1-1,text,true,,9035,436,5,5,55,0,0
1498734259951,8,Page Returning 404,404,Not Found,Scenario 1 1-5,text,true,,3558,431,5,5,8,0,1
1498734259960,25,Home Page,200,OK,Scenario 1 1-5,text,true,,9035,436,5,5,25,0,2
1498734259996,7,Page Returning 404,404,Not Found,Scenario 1 1-4,text,true,,3558,431,5,5,7,0,1
1498734260003,27,Home Page,200,OK,Scenario 1 1-4,text,true,,9035,436,5,5,27,0,1
1498734260073,6,Page Returning 404,404,Not Found,Scenario 1 1-3,text,true,,3558,431,5,5,6,0,1
1498734260080,26,Home Page,200,OK,Scenario 1 1-3,text,true,,9035,436,5,5,26,0,0
1498734260190,6,Page Returning 404,404,Not Found,Scenario 1 1-2,text,true,,3558,431,5,5,6,0,1
1498734260197,26,Home Page,200,OK,Scenario 1 1-2,text,true,,9035,436,5,5,26,0,1
1498734260521,8,Page Returning 404,404,Not Found,Scenario 1 1-1,text,true,,3558,431,5,5,8,0,1
1498734260529,23,Home Page,200,OK,Scenario 1 1-1,text,true,,9035,436,5,5,23,0,1
1498734261052,8,Page Returning 404,404,Not Found,Scenario 1 1-5,text,true,,3558,431,5,5,8,0,0
1498734261069,8,Page Returning 404,404,Not Found,Scenario 1 1-4,text,true,,3558,431,5,5,8,0,0
1498734261061,56,Home Page,200,OK,Scenario 1 1-5,text,true,,9035,436,5,5,52,0,1
1498734261078,40,Home Page,200,OK,Scenario 1 1-4,text,true,,9035,436,5,5,40,0,0
1498734261189,6,Page Returning 404,404,Not Found,Scenario 1 1-3,text,true,,3558,431,5,5,6,0,1
1498734261196,25,Home Page,200,OK,Scenario 1 1-3,text,true,,9035,436,5,5,25,0,0
1498734261303,6,Page Returning 404,404,Not Found,Scenario 1 1-2,text,true,,3558,431,5,5,6,0,0
1498734261309,23,Home Page,200,OK,Scenario 1 1-2,text,true,,9035,436,5,5,23,0,1
1498734261587,7,Page Returning 404,404,Not Found,Scenario 1 1-1,text,true,,3558,431,5,5,7,0,1
1498734261595,22,Home Page,200,OK,Scenario 1 1-1,text,true,,9035,436,5,5,22,0,0
1498734262120,24,Page Returning 404,404,Not Found,Scenario 1 1-5,text,true,,3558,431,5,5,24,0,1
1498734262155,19,Page Returning 404,404,Not Found,Scenario 1 1-4,text,true,,3558,431,5,5,17,0,1
1498734262144,30,Home Page,200,OK,Scenario 1 1-5,text,true,,9035,436,5,5,30,0,1
1498734262175,26,Home Page,200,OK,Scenario 1 1-4,text,true,,9035,436,5,5,26,0,0
1498734262324,8,Page Returning 404,404,Not Found,Scenario 1 1-3,text,true,,3558,431,5,5,8,0,1
1498734262333,22,Home Page,200,OK,Scenario 1 1-3,text,true,,9035,436,5,5,22,0,0
1498734262357,6,Page Returning 404,404,Not Found,Scenario 1 1-2,text,true,,3558,431,5,5,6,0,1
1498734262364,44,Home Page,200,OK,Scenario 1 1-2,text,true,,9035,436,5,5,43,0,1
1498734262635,8,Page Returning 404,404,Not Found,Scenario 1 1-1,text,true,,3558,431,5,5,8,0,1
1498734262644,22,Home Page,200,OK,Scenario 1 1-1,text,true,,9035,436,5,5,22,0,0
1498734263214,12,Page Returning 404,404,Not Found,Scenario 1 1-4,text,true,,3558,431,5,5,11,0,0
1498734263245,23,Page Returning 404,404,Not Found,Scenario 1 1-5,text,true,,3558,431,5,5,19,0,0
1498734263227,42,Home Page,200,OK,Scenario 1 1-4,text,true,,9035,436,5,5,42,0,1
1498734263270,58,Home Page,200,OK,Scenario 1 1-5,text,true,,9035,436,5,5,58,0,1
1498734263434,7,Page Returning 404,404,Not Found,Scenario 1 1-3,text,true,,3558,431,5,5,7,0,1
1498734263477,7,Page Returning 404,404,Not Found,Scenario 1 1-2,text,true,,3558,431,5,5,7,0,0
1498734263441,44,Home Page,200,OK,Scenario 1 1-3,text,true,,9035,436,5,5,43,0,1
1498734263485,26,Home Page,200,OK,Scenario 1 1-2,text,true,,9035,436,5,5,25,0,1
1498734263677,9,Page Returning 404,404,Not Found,Scenario 1 1-1,text,true,,3558,431,5,5,8,0,1
1498734263686,24,Home Page,200,OK,Scenario 1 1-1,text,true,,9035,436,5,5,24,0,0
1498734264332,7,Page Returning 404,404,Not Found,Scenario 1 1-4,text,true,,3558,431,5,5,7,0,1
1498734264340,28,Home Page,200,OK,Scenario 1 1-4,text,true,,9035,436,5,5,22,0,0
1498734264358,10,Page Returning 404,404,Not Found,Scenario 1 1-5,text,true,,3558,431,5,5,10,0,1
1498734264369,39,Home Page,200,OK,Scenario 1 1-5,text,true,,9035,436,5,5,39,0,0
1498734264531,8,Page Returning 404,404,Not Found,Scenario 1 1-2,text,true,,3558,431,5,5,8,0,1
1498734264539,25,Home Page,200,OK,Scenario 1 1-2,text,true,,9035,436,5,5,25,0,1
1498734264565,7,Page Returning 404,404,Not Found,Scenario 1 1-3,text,true,,3558,431,5,5,7,0,1
1498734264573,26,Home Page,200,OK,Scenario 1 1-3,text,true,,9035,436,5,5,25,0,0
1498734264801,8,Page Returning 404,404,Not Found,Scenario 1 1-1,text,true,,3558,431,5,5,8,0,1
1498734264810,22,Home Page,200,OK,Scenario 1 1-1,text,true,,9035,436,5,5,22,0,0
1498734265447,15,Page Returning 404,404,Not Found,Scenario 1 1-4,text,true,,3558,431,5,5,14,0,1
1498734265447,15,Page Returning 404,404,Not Found,Scenario 1 1-5,text,true,,3558,431,5,5,14,0,1
1498734265463,74,Home Page,200,OK,Scenario 1 1-4,text,true,,9035,436,5,5,74,0,1
1498734265464,74,Home Page,200,OK,Scenario 1 1-5,text,true,,9035,436,5,5,73,0,1
1498734265576,8,Page Returning 404,404,Not Found,Scenario 1 1-2,text,true,,3558,431,5,5,8,0,1
1498734265584,25,Home Page,200,OK,Scenario 1 1-2,text,true,,9035,436,5,5,23,0,1
1498734265634,13,Page Returning 404,404,Not Found,Scenario 1 1-3,text,true,,3558,431,5,5,13,0,1
1498734265647,36,Home Page,200,OK,Scenario 1 1-3,text,true,,9035,436,5,5,35,0,1
1498734265851,9,Page Returning 404,404,Not Found,Scenario 1 1-1,text,true,,3558,431,5,5,9,0,1
1498734265860,23,Home Page,200,OK,Scenario 1 1-1,text,true,,9035,436,5,5,23,0,1
1498734266596,7,Page Returning 404,404,Not Found,Scenario 1 1-4,text,true,,3558,431,5,5,7,0,1
1498734266604,27,Home Page,200,OK,Scenario 1 1-4,text,true,,9035,436,5,5,26,0,2
1498734266631,7,Page Returning 404,404,Not Found,Scenario 1 1-5,text,true,,3558,431,5,5,7,0,1
1498734266639,27,Home Page,200,OK,Scenario 1 1-5,text,true,,9035,436,5,5,26,0,0
1498734266699,7,Page Returning 404,404,Not Found,Scenario 1 1-2,text,true,,3558,431,5,5,6,0,1
1498734266706,35,Home Page,200,OK,Scenario 1 1-2,text,true,,9035,436,5,5,35,0,0
1498734266758,12,Page Returning 404,404,Not Found,Scenario 1 1-3,text,true,,3558,431,5,5,12,0,0
1498734266772,30,Home Page,200,OK,Scenario 1 1-3,text,true,,9035,436,5,5,29,0,3
1498734266968,8,Page Returning 404,404,Not Found,Scenario 1 1-1,text,true,,3558,431,5,5,8,0,1
1498734266976,23,Home Page,200,OK,Scenario 1 1-1,text,true,,9035,436,5,5,23,0,1
1498734267706,14,Page Returning 404,404,Not Found,Scenario 1 1-5,text,true,,3558,431,5,5,11,0,0
1498734267711,18,Page Returning 404,404,Not Found,Scenario 1 1-4,text,true,,3558,431,5,5,18,0,0
1498734267722,71,Home Page,200,OK,Scenario 1 1-5,text,true,,9035,436,5,5,71,0,1
1498734267780,33,Page Returning 404,404,Not Found,Scenario 1 1-2,text,true,,3558,431,5,5,33,0,1
1498734267730,137,Home Page,200,OK,Scenario 1 1-4,text,true,,9035,436,5,5,137,0,1
1498734267813,81,Home Page,200,OK,Scenario 1 1-2,text,true,,9035,436,5,5,81,0,2
1498734267843,60,Page Returning 404,404,Not Found,Scenario 1 1-3,text,true,,3558,431,5,5,59,0,9
1498734267903,78,Home Page,200,OK,Scenario 1 1-3,text,true,,9035,436,5,5,78,0,1
1498734268003,35,Page Returning 404,404,Not Found,Scenario 1 1-1,text,true,,3558,431,5,5,35,0,13
1498734268039,75,Home Page,200,OK,Scenario 1 1-1,text,true,,9035,436,5,5,74,0,1
1498734268853,10,Page Returning 404,404,Not Found,Scenario 1 1-5,text,true,,3558,431,5,5,9,0,1
1498734268863,29,Home Page,200,OK,Scenario 1 1-5,text,true,,9035,436,5,5,29,0,1
1498734268929,6,Page Returning 404,404,Not Found,Scenario 1 1-2,text,true,,3558,431,5,5,6,0,1
1498734268936,24,Home Page,200,OK,Scenario 1 1-2,text,true,,9035,436,5,5,24,0,2
1498734268960,6,Page Returning 404,404,Not Found,Scenario 1 1-4,text,true,,3558,431,5,5,6,0,1
1498734268967,24,Home Page,200,OK,Scenario 1 1-4,text,true,,9035,436,5,5,24,0,0
1498734269047,10,Page Returning 404,404,Not Found,Scenario 1 1-3,text,true,,3558,431,5,5,10,0,1
1498734269058,29,Home Page,200,OK,Scenario 1 1-3,text,true,,9035,436,5,5,29,0,1
1498734269169,9,Page Returning 404,404,Not Found,Scenario 1 1-1,text,true,,3558,431,5,5,9,0,1
1498734269179,38,Home Page,200,OK,Scenario 1 1-1,text,true,,9035,436,5,5,38,0,1
1498734269962,8,Page Returning 404,404,Not Found,Scenario 1 1-2,text,true,,3558,431,5,5,8,0,1
1498734269974,14,Page Returning 404,404,Not Found,Scenario 1 1-5,text,true,,3558,431,5,5,14,0,1
1498734270013,16,Page Returning 404,404,Not Found,Scenario 1 1-4,text,true,,3558,431,5,5,15,0,1
1498734269970,75,Home Page,200,OK,Scenario 1 1-2,text,true,,9035,436,5,5,55,0,1
1498734269989,86,Home Page,200,OK,Scenario 1 1-5,text,true,,9035,436,5,5,85,0,3
1498734270033,78,Home Page,200,OK,Scenario 1 1-4,text,true,,9035,436,5,5,78,0,0
1498734270130,7,Page Returning 404,404,Not Found,Scenario 1 1-3,text,true,,3558,431,5,5,7,0,1
1498734270138,36,Home Page,200,OK,Scenario 1 1-3,text,true,,9035,436,5,5,36,0,1
1498734270276,6,Page Returning 404,404,Not Found,Scenario 1 1-1,text,true,,3558,431,5,5,6,0,1
1498734270282,25,Home Page,200,OK,Scenario 1 1-1,text,true,,9035,436,5,5,25,0,1
1498734271057,7,Page Returning 404,404,Not Found,Scenario 1 1-2,text,true,,3558,431,5,5,7,0,1
1498734271065,23,Home Page,200,OK,Scenario 1 1-2,text,true,,9035,436,5,5,23,0,0
1498734271106,7,Page Returning 404,404,Not Found,Scenario 1 1-5,text,true,,3558,431,5,5,7,0,1
1498734271113,27,Home Page,200,OK,Scenario 1 1-5,text,true,,9035,436,5,5,26,0,1
1498734271181,6,Page Returning 404,404,Not Found,Scenario 1 1-3,text,true,,3558,431,5,5,6,0,1
1498734271190,12,Page Returning 404,404,Not Found,Scenario 1 1-4,text,true,,3558,431,5,5,11,0,1
1498734271187,63,Home Page,200,OK,Scenario 1 1-3,text,true,,9035,436,5,5,63,0,1
1498734271202,66,Home Page,200,OK,Scenario 1 1-4,text,true,,9035,436,5,5,65,0,1
1498734271368,7,Page Returning 404,404,Not Found,Scenario 1 1-1,text,true,,3558,431,5,5,7,0,1
1498734271376,25,Home Page,200,OK,Scenario 1 1-1,text,true,,9035,436,5,5,25,0,0
1498734272110,12,Page Returning 404,404,Not Found,Scenario 1 1-2,text,true,,3558,431,5,5,12,0,1
1498734272123,64,Home Page,200,OK,Scenario 1 1-2,text,true,,9035,436,5,5,64,0,5
1498734272293,46,Page Returning 404,404,Not Found,Scenario 1 1-3,text,true,,3558,431,5,5,45,0,2
1498734272233,128,Page Returning 404,404,Not Found,Scenario 1 1-5,text,true,,3558,431,5,5,115,0,3
1498734272365,17,Page Returning 404,404,Not Found,Scenario 1 1-4,text,true,,3558,431,5,5,15,0,1
1498734272362,92,Home Page,200,OK,Scenario 1 1-5,text,true,,9035,436,5,5,91,0,1
1498734272339,122,Home Page,200,OK,Scenario 1 1-3,text,true,,9035,436,5,5,122,0,1
1498734272476,28,Page Returning 404,404,Not Found,Scenario 1 1-1,text,true,,3558,431,5,5,28,0,1
1498734272383,121,Home Page,200,OK,Scenario 1 1-4,text,true,,9035,436,5,5,120,0,1
1498734272505,49,Home Page,200,OK,Scenario 1 1-1,text,true,,9035,436,5,5,49,0,0
1498734273243,7,Page Returning 404,404,Not Found,Scenario 1 1-2,text,true,,3558,431,5,5,6,0,1
1498734273250,48,Home Page,200,OK,Scenario 1 1-2,text,true,,9035,436,5,5,47,0,0
1498734273468,12,Page Returning 404,404,Not Found,Scenario 1 1-5,text,true,,3558,431,5,5,12,0,1
1498734273481,48,Home Page,200,OK,Scenario 1 1-5,text,true,,9035,436,5,5,48,0,0
1498734273539,61,Page Returning 404,404,Not Found,Scenario 1 1-4,text,true,,3558,431,5,5,60,0,2
1498734273575,34,Page Returning 404,404,Not Found,Scenario 1 1-1,text,true,,3558,431,5,5,34,0,1
1498734273531,89,Page Returning 404,404,Not Found,Scenario 1 1-3,text,true,,3558,431,5,5,85,0,0
1498734273600,119,Home Page,200,OK,Scenario 1 1-4,text,true,,9035,436,5,5,104,0,1
1498734273621,124,Home Page,200,OK,Scenario 1 1-3,text,true,,9035,436,5,5,123,0,0
1498734273610,136,Home Page,200,OK,Scenario 1 1-1,text,true,,9035,436,5,5,127,0,1
1498734274307,8,Page Returning 404,404,Not Found,Scenario 1 1-2,text,true,,3558,431,5,5,8,0,0
1498734274315,64,Home Page,200,OK,Scenario 1 1-2,text,true,,9035,436,5,5,62,0,2
1498734274543,14,Page Returning 404,404,Not Found,Scenario 1 1-5,text,true,,3558,431,5,5,14,0,1
1498734274558,54,Home Page,200,OK,Scenario 1 1-5,text,true,,9035,436,5,5,54,0,1
1498734274764,9,Page Returning 404,404,Not Found,Scenario 1 1-4,text,true,,3558,431,5,5,9,0,1
1498734274774,68,Home Page,200,OK,Scenario 1 1-4,text,true,,9035,436,5,5,67,0,1
1498734274798,44,Page Returning 404,404,Not Found,Scenario 1 1-1,text,true,,3558,431,5,5,44,0,2
1498734274840,26,Page Returning 404,404,Not Found,Scenario 1 1-3,text,true,,3558,431,5,5,26,0,1
1498734274843,95,Home Page,200,OK,Scenario 1 1-1,text,true,,9035,436,5,5,95,0,1
1498734274868,92,Home Page,200,OK,Scenario 1 1-3,text,true,,9035,436,5,5,91,0,0
1498734275475,7,Page Returning 404,404,Not Found,Scenario 1 1-2,text,true,,3558,431,5,5,7,0,1
1498734275483,23,Home Page,200,OK,Scenario 1 1-2,text,true,,9035,436,5,5,23,0,0
1498734275692,7,Page Returning 404,404,Not Found,Scenario 1 1-5,text,true,,3558,431,5,5,6,0,0
1498734275699,24,Home Page,200,OK,Scenario 1 1-5,text,true,,9035,436,5,5,24,0,1
1498734275885,8,Page Returning 404,404,Not Found,Scenario 1 1-4,text,true,,3558,431,5,5,8,0,1
1498734275893,24,Home Page,200,OK,Scenario 1 1-4,text,true,,9035,436,5,5,24,0,2
1498734275977,8,Page Returning 404,404,Not Found,Scenario 1 1-3,text,true,,3558,431,5,5,8,0,0
1498734275986,23,Home Page,200,OK,Scenario 1 1-3,text,true,,9035,436,5,5,22,0,0
1498734276020,7,Page Returning 404,404,Not Found,Scenario 1 1-1,text,true,,3558,431,5,5,7,0,1
1498734276028,26,Home Page,200,OK,Scenario 1 1-1,text,true,,9035,436,5,5,25,0,1
1498734276582,7,Page Returning 404,404,Not Found,Scenario 1 1-2,text,true,,3558,431,5,5,7,0,1
1498734276590,24,Home Page,200,OK,Scenario 1 1-2,text,true,,9035,436,5,5,24,0,0
1498734276819,10,Page Returning 404,404,Not Found,Scenario 1 1-5,text,true,,3558,431,5,5,9,0,1
1498734276829,24,Home Page,200,OK,Scenario 1 1-5,text,true,,9035,436,5,5,23,0,1
1498734276921,7,Page Returning 404,404,Not Found,Scenario 1 1-4,text,true,,3558,431,5,5,7,0,1
1498734276929,23,Home Page,200,OK,Scenario 1 1-4,text,true,,9035,436,5,5,23,0,0
1498734277081,7,Page Returning 404,404,Not Found,Scenario 1 1-3,text,true,,3558,431,5,5,7,0,1
1498734277103,8,Page Returning 404,404,Not Found,Scenario 1 1-1,text,true,,3558,431,5,5,8,0,1
1498734277089,41,Home Page,200,OK,Scenario 1 1-3,text,true,,9035,436,5,5,39,0,1
1498734277112,40,Home Page,200,OK,Scenario 1 1-1,text,true,,9035,436,5,5,40,0,1
1498734277707,7,Page Returning 404,404,Not Found,Scenario 1 1-2,text,true,,3558,431,5,5,7,0,1
1498734277715,24,Home Page,200,OK,Scenario 1 1-2,text,true,,9035,436,5,5,24,0,0
1498734277882,7,Page Returning 404,404,Not Found,Scenario 1 1-5,text,true,,3558,431,5,5,7,0,1
1498734277889,24,Home Page,200,OK,Scenario 1 1-5,text,true,,9035,436,5,5,24,0,1
1498734277957,7,Page Returning 404,404,Not Found,Scenario 1 1-4,text,true,,3558,431,5,5,7,0,1
1498734277965,24,Home Page,200,OK,Scenario 1 1-4,text,true,,9035,436,5,5,24,0,2
1498734278206,8,Page Returning 404,404,Not Found,Scenario 1 1-3,text,true,,3558,431,5,5,8,0,2
1498734278214,24,Home Page,200,OK,Scenario 1 1-3,text,true,,9035,436,5,5,24,0,1
1498734278241,5,Page Returning 404,404,Not Found,Scenario 1 1-1,text,true,,3558,431,5,5,5,0,0
1498734278247,24,Home Page,200,OK,Scenario 1 1-1,text,true,,9035,436,5,5,24,0,0
1498734278784,9,Page Returning 404,404,Not Found,Scenario 1 1-2,text,true,,3558,431,5,5,9,0,1
1498734278794,23,Home Page,200,OK,Scenario 1 1-2,text,true,,9035,436,5,5,23,0,1
1498734278974,7,Page Returning 404,404,Not Found,Scenario 1 1-5,text,true,,3558,431,5,5,7,0,0
1498734278981,24,Home Page,200,OK,Scenario 1 1-5,text,true,,9035,436,5,5,23,0,1
1498734279057,7,Page Returning 404,404,Not Found,Scenario 1 1-4,text,true,,3558,431,5,5,7,0,1
1498734279064,26,Home Page,200,OK,Scenario 1 1-4,text,true,,9035,436,5,5,26,0,1
1498734279294,8,Page Returning 404,404,Not Found,Scenario 1 1-1,text,true,,3558,431,5,5,8,0,1
1498734279302,23,Home Page,200,OK,Scenario 1 1-1,text,true,,9035,436,5,5,22,0,1
1498734279340,7,Page Returning 404,404,Not Found,Scenario 1 1-3,text,true,,3558,431,5,5,7,0,1
1498734279347,29,Home Page,200,OK,Scenario 1 1-3,text,true,,9035,436,5,5,28,0,1
1498734279858,9,Page Returning 404,404,Not Found,Scenario 1 1-2,text,true,,3558,431,5,5,9,0,1
1498734279868,43,Home Page,200,OK,Scenario 1 1-2,text,true,,9035,436,5,5,43,0,1
1498734280038,8,Page Returning 404,404,Not Found,Scenario 1 1-5,text,true,,3558,431,5,5,8,0,1
1498734280046,26,Home Page,200,OK,Scenario 1 1-5,text,true,,9035,436,5,5,26,0,1
1498734280123,8,Page Returning 404,404,Not Found,Scenario 1 1-4,text,true,,3558,431,5,5,7,0,0
1498734280131,29,Home Page,200,OK,Scenario 1 1-4,text,true,,9035,436,5,5,28,0,1
1498734280397,7,Page Returning 404,404,Not Found,Scenario 1 1-1,text,true,,3558,431,5,5,7,0,1
1498734280405,29,Home Page,200,OK,Scenario 1 1-1,text,true,,9035,436,5,5,24,0,0
1498734280424,11,Page Returning 404,404,Not Found,Scenario 1 1-3,text,true,,3558,431,5,5,11,0,1
1498734280435,35,Home Page,200,OK,Scenario 1 1-3,text,true,,9035,436,5,5,35,0,1
1498734280981,7,Page Returning 404,404,Not Found,Scenario 1 1-2,text,true,,3558,431,5,5,7,0,1
1498734280989,42,Home Page,200,OK,Scenario 1 1-2,text,true,,9035,436,5,5,42,0,1
1498734281090,9,Page Returning 404,404,Not Found,Scenario 1 1-5,text,true,,3558,431,5,5,9,0,1
1498734281099,24,Home Page,200,OK,Scenario 1 1-5,text,true,,9035,436,5,5,23,0,1
1498734281202,9,Page Returning 404,404,Not Found,Scenario 1 1-4,text,true,,3558,431,5,5,8,0,1
1498734281211,23,Home Page,200,OK,Scenario 1 1-4,text,true,,9035,436,5,5,23,0,1
1498734281469,7,Page Returning 404,404,Not Found,Scenario 1 1-1,text,true,,3558,431,5,5,7,0,0
1498734281477,24,Home Page,200,OK,Scenario 1 1-1,text,true,,9035,436,5,5,23,0,0
1498734281509,6,Page Returning 404,404,Not Found,Scenario 1 1-3,text,true,,3558,431,5,5,5,0,0
1498734281515,26,Home Page,200,OK,Scenario 1 1-3,text,true,,9035,436,5,5,26,0,0
1498734282130,8,Page Returning 404,404,Not Found,Scenario 1 1-2,text,true,,3558,431,5,5,8,0,1
1498734282158,12,Page Returning 404,404,Not Found,Scenario 1 1-5,text,true,,3558,431,5,5,12,0,0
1498734282138,33,Home Page,200,OK,Scenario 1 1-2,text,true,,9035,436,5,5,32,0,1
1498734282171,23,Home Page,200,OK,Scenario 1 1-5,text,true,,9035,436,5,5,23,0,1
1498734282316,6,Page Returning 404,404,Not Found,Scenario 1 1-4,text,true,,3558,431,5,5,6,0,1
1498734282323,26,Home Page,200,OK,Scenario 1 1-4,text,true,,9035,436,5,5,26,0,2
1498734282517,9,Page Returning 404,404,Not Found,Scenario 1 1-1,text,true,,3558,431,5,5,9,0,1
1498734282527,22,Home Page,200,OK,Scenario 1 1-1,text,true,,9035,436,5,5,22,0,0
1498734282548,7,Page Returning 404,404,Not Found,Scenario 1 1-3,text,true,,3558,431,5,5,7,0,1
1498734282556,27,Home Page,200,OK,Scenario 1 1-3,text,true,,9035,436,5,5,27,0,0
1498734283268,13,Page Returning 404,404,Not Found,Scenario 1 1-5,text,true,,3558,431,5,5,13,0,1
1498734283268,13,Page Returning 404,404,Not Found,Scenario 1 1-2,text,true,,3558,431,5,5,13,0,1
1498734283282,42,Home Page,200,OK,Scenario 1 1-5,text,true,,9035,436,5,5,35,0,0
1498734283282,48,Home Page,200,OK,Scenario 1 1-2,text,true,,9035,436,5,5,47,0,0
1498734283390,8,Page Returning 404,404,Not Found,Scenario 1 1-4,text,true,,3558,431,5,5,8,0,2
1498734283399,27,Home Page,200,OK,Scenario 1 1-4,text,true,,9035,436,5,5,26,0,1
1498734283558,8,Page Returning 404,404,Not Found,Scenario 1 1-1,text,true,,3558,431,5,5,8,0,1
1498734283567,20,Home Page,200,OK,Scenario 1 1-1,text,true,,9035,436,5,5,20,0,0
1498734283635,8,Page Returning 404,404,Not Found,Scenario 1 1-3,text,true,,3558,431,5,5,8,0,1
1498734283643,27,Home Page,200,OK,Scenario 1 1-3,text,true,,9035,436,5,5,27,0,1
1498734284360,8,Page Returning 404,404,Not Found,Scenario 1 1-5,text,true,,3558,431,5,5,8,0,1
1498734284371,10,Page Returning 404,404,Not Found,Scenario 1 1-2,text,true,,3558,431,5,5,10,0,1
1498734284369,66,Home Page,200,OK,Scenario 1 1-5,text,true,,9035,436,5,5,59,0,1
1498734284382,54,Home Page,200,OK,Scenario 1 1-2,text,true,,9035,436,5,5,54,0,0
1498734284491,8,Page Returning 404,404,Not Found,Scenario 1 1-4,text,true,,3558,431,5,5,7,0,2
1498734284499,23,Home Page,200,OK,Scenario 1 1-4,text,true,,9035,436,5,5,23,0,0
1498734284673,8,Page Returning 404,404,Not Found,Scenario 1 1-1,text,true,,3558,431,5,5,8,0,1
1498734284681,23,Home Page,200,OK,Scenario 1 1-1,text,true,,9035,436,5,5,23,0,1
1498734284708,6,Page Returning 404,404,Not Found,Scenario 1 1-3,text,true,,3558,431,5,5,6,0,0
1498734284714,24,Home Page,200,OK,Scenario 1 1-3,text,true,,9035,436,5,5,24,0,1
1498734285462,6,Page Returning 404,404,Not Found,Scenario 1 1-5,text,true,,3558,431,5,5,6,0,1
1498734285469,22,Home Page,200,OK,Scenario 1 1-5,text,true,,9035,436,5,5,21,0,0
1498734285532,8,Page Returning 404,404,Not Found,Scenario 1 1-2,text,true,,3558,431,5,5,8,0,1
1498734285540,22,Home Page,200,OK,Scenario 1 1-2,text,true,,9035,436,5,5,21,0,0
1498734285573,7,Page Returning 404,404,Not Found,Scenario 1 1-4,text,true,,3558,431,5,5,7,0,1
1498734285580,25,Home Page,200,OK,Scenario 1 1-4,text,true,,9035,436,5,5,24,0,1
1498734285758,7,Page Returning 404,404,Not Found,Scenario 1 1-1,text,true,,3558,431,5,5,7,0,1
1498734285765,23,Home Page,200,OK,Scenario 1 1-1,text,true,,9035,436,5,5,23,0,1
1498734285822,9,Page Returning 404,404,Not Found,Scenario 1 1-3,text,true,,3558,431,5,5,8,0,1
1498734285831,22,Home Page,200,OK,Scenario 1 1-3,text,true,,9035,436,5,5,22,0,0
1498734286532,7,Page Returning 404,404,Not Found,Scenario 1 1-5,text,true,,3558,431,5,5,7,0,1
1498734286540,20,Home Page,200,OK,Scenario 1 1-5,text,true,,9035,436,5,5,20,0,0
1498734286607,8,Page Returning 404,404,Not Found,Scenario 1 1-2,text,true,,3558,431,5,5,8,0,1
1498734286616,34,Home Page,200,OK,Scenario 1 1-2,text,true,,9035,436,5,5,33,0,1
1498734286640,11,Page Returning 404,404,Not Found,Scenario 1 1-4,text,true,,3558,431,5,5,10,0,1
1498734286651,24,Home Page,200,OK,Scenario 1 1-4,text,true,,9035,436,5,5,24,0,1
1498734286866,9,Page Returning 404,404,Not Found,Scenario 1 1-1,text,true,,3558,431,5,5,9,0,1
1498734286890,12,Page Returning 404,404,Not Found,Scenario 1 1-3,text,true,,3558,431,5,5,12,0,1
1498734286875,27,Home Page,200,OK,Scenario 1 1-1,text,true,,9035,436,5,5,27,0,1
1498734286903,26,Home Page,200,OK,Scenario 1 1-3,text,true,,9035,436,5,5,25,0,1
1498734287591,7,Page Returning 404,404,Not Found,Scenario 1 1-5,text,true,,3558,431,5,5,7,0,1
1498734287599,23,Home Page,200,OK,Scenario 1 1-5,text,true,,9035,436,5,5,23,0,0
1498734287665,7,Page Returning 404,404,Not Found,Scenario 1 1-2,text,true,,3558,431,5,5,7,0,1
1498734287672,21,Home Page,200,OK,Scenario 1 1-2,text,true,,9035,436,5,5,21,0,1
1498734287773,6,Page Returning 404,404,Not Found,Scenario 1 1-4,text,true,,3558,431,5,5,5,0,0
1498734287779,24,Home Page,200,OK,Scenario 1 1-4,text,true,,9035,436,5,5,24,0,0
1498734287973,9,Page Returning 404,404,Not Found,Scenario 1 1-1,text,true,,3558,431,5,5,8,0,1
1498734287982,22,Home Page,200,OK,Scenario 1 1-1,text,true,,9035,436,5,5,22,0,0
1498734288012,8,Page Returning 404,404,Not Found,Scenario 1 1-3,text,true,,3558,431,5,5,7,0,1
1498734288020,23,Home Page,200,OK,Scenario 1 1-3,text,true,,9035,436,5,5,23,0,1
1498734288663,8,Page Returning 404,404,Not Found,Scenario 1 1-5,text,true,,3558,431,5,5,8,0,1
1498734288671,22,Home Page,200,OK,Scenario 1 1-5,text,true,,9035,436,5,5,21,0,1
1498734288773,6,Page Returning 404,404,Not Found,Scenario 1 1-2,text,true,,3558,431,5,5,6,0,1
1498734288779,25,Home Page,200,OK,Scenario 1 1-2,text,true,,9035,436,5,5,25,0,1
1498734288823,9,Page Returning 404,404,Not Found,Scenario 1 1-4,text,true,,3558,431,5,5,9,0,1
1498734288832,22,Home Page,200,OK,Scenario 1 1-4,text,true,,9035,436,5,5,21,0,1
1498734289016,8,Page Returning 404,404,Not Found,Scenario 1 1-1,text,true,,3558,431,5,5,8,0,1
1498734289024,24,Home Page,200,OK,Scenario 1 1-1,text,true,,9035,436,5,5,24,0,1
1498734289132,7,Page Returning 404,404,Not Found,Scenario 1 1-3,text,true,,3558,431,5,5,7,0,1
1498734289140,21,Home Page,200,OK,Scenario 1 1-3,text,true,,9035,436,5,5,21,0,0
1498734289758,8,Page Returning 404,404,Not Found,Scenario 1 1-5,text,true,,3558,431,5,5,8,0,1
1498734289766,23,Home Page,200,OK,Scenario 1 1-5,text,true,,9035,436,5,5,23,0,1
1498734289841,8,Page Returning 404,404,Not Found,Scenario 1 1-2,text,true,,3558,431,5,5,7,0,1
1498734289869,11,Page Returning 404,404,Not Found,Scenario 1 1-4,text,true,,3558,431,5,5,10,0,1
1498734289849,30,Home Page,200,OK,Scenario 1 1-2,text,true,,9035,436,5,5,30,0,0
1498734289880,24,Home Page,200,OK,Scenario 1 1-4,text,true,,9035,436,5,5,24,0,0
1498734290151,9,Page Returning 404,404,Not Found,Scenario 1 1-1,text,true,,3558,431,5,5,9,0,1
1498734290160,29,Home Page,200,OK,Scenario 1 1-1,text,true,,9035,436,5,5,24,0,1
1498734290182,8,Page Returning 404,404,Not Found,Scenario 1 1-3,text,true,,3558,431,5,5,8,0,1
1498734290191,23,Home Page,200,OK,Scenario 1 1-3,text,true,,9035,436,5,5,23,0,0
1498734290799,8,Page Returning 404,404,Not Found,Scenario 1 1-5,text,true,,3558,431,5,5,8,0,1
1498734290808,22,Home Page,200,OK,Scenario 1 1-5,text,true,,9035,436,5,5,22,0,0
1498734290917,9,Page Returning 404,404,Not Found,Scenario 1 1-4,text,true,,3558,431,5,5,9,0,1
1498734290932,10,Page Returning 404,404,Not Found,Scenario 1 1-2,text,true,,3558,431,5,5,10,0,1
1498734290926,43,Home Page,200,OK,Scenario 1 1-4,text,true,,9035,436,5,5,38,0,1
1498734290943,39,Home Page,200,OK,Scenario 1 1-2,text,true,,9035,436,5,5,39,0,1
1498734291234,7,Page Returning 404,404,Not Found,Scenario 1 1-3,text,true,,3558,431,5,5,6,0,0
1498734291241,25,Home Page,200,OK,Scenario 1 1-3,text,true,,9035,436,5,5,24,0,1
1498734291280,7,Page Returning 404,404,Not Found,Scenario 1 1-1,text,true,,3558,431,5,5,6,0,0
1498734291287,40,Home Page,200,OK,Scenario 1 1-1,text,true,,9035,436,5,5,39,0,0
1498734291905,7,Page Returning 404,404,Not Found,Scenario 1 1-5,text,true,,3558,431,5,5,7,0,1
1498734291913,22,Home Page,200,OK,Scenario 1 1-5,text,true,,9035,436,5,5,22,0,0
1498734292046,9,Page Returning 404,404,Not Found,Scenario 1 1-4,text,true,,3558,431,5,5,9,0,1
1498734292066,16,Page Returning 404,404,Not Found,Scenario 1 1-2,text,true,,3558,431,5,5,16,0,1
1498734292055,33,Home Page,200,OK,Scenario 1 1-4,text,true,,9035,436,5,5,33,0,1
1498734292082,31,Home Page,200,OK,Scenario 1 1-2,text,true,,9035,436,5,5,31,0,1
1498734292308,8,Page Returning 404,404,Not Found,Scenario 1 1-3,text,true,,3558,431,5,5,8,0,0
1498734292330,15,Page Returning 404,404,Not Found,Scenario 1 1-1,text,true,,3558,431,5,5,15,0,1
1498734292316,30,Home Page,200,OK,Scenario 1 1-3,text,true,,9035,436,5,5,29,0,1
1498734292346,26,Home Page,200,OK,Scenario 1 1-1,text,true,,9035,436,5,5,26,0,0
1498734292941,7,Page Returning 404,404,Not Found,Scenario 1 1-5,text,true,,3558,431,5,5,7,0,0
1498734292948,25,Home Page,200,OK,Scenario 1 1-5,text,true,,9035,436,5,5,24,0,1
1498734293115,7,Page Returning 404,404,Not Found,Scenario 1 1-4,text,true,,3558,431,5,5,7,0,0
1498734293126,10,Page Returning 404,404,Not Found,Scenario 1 1-2,text,true,,3558,431,5,5,9,0,0
1498734293122,37,Home Page,200,OK,Scenario 1 1-4,text,true,,9035,436,5,5,36,0,1
1498734293137,41,Home Page,200,OK,Scenario 1 1-2,text,true,,9035,436,5,5,41,0,0
1498734293374,8,Page Returning 404,404,Not Found,Scenario 1 1-3,text,true,,3558,431,5,5,8,0,1
1498734293382,23,Home Page,200,OK,Scenario 1 1-3,text,true,,9035,436,5,5,22,0,1
1498734293475,5,Page Returning 404,404,Not Found,Scenario 1 1-1,text,true,,3558,431,5,5,5,0,0
1498734293480,22,Home Page,200,OK,Scenario 1 1-1,text,true,,9035,436,5,5,22,0,1
1498734293991,8,Page Returning 404,404,Not Found,Scenario 1 1-5,text,true,,3558,431,5,5,7,0,1
1498734293999,20,Home Page,200,OK,Scenario 1 1-5,text,true,,9035,436,5,5,20,0,0
1498734294171,8,Page Returning 404,404,Not Found,Scenario 1 1-4,text,true,,3558,431,5,5,7,0,1
1498734294183,16,Page Returning 404,404,Not Found,Scenario 1 1-2,text,true,,3558,431,5,5,16,0,1
1498734294179,42,Home Page,200,OK,Scenario 1 1-4,text,true,,9035,436,5,5,41,0,0
1498734294200,40,Home Page,200,OK,Scenario 1 1-2,text,true,,9035,436,5,5,40,0,1
1498734294462,8,Page Returning 404,404,Not Found,Scenario 1 1-3,text,true,,3558,431,5,5,8,0,1
1498734294471,20,Home Page,200,OK,Scenario 1 1-3,text,true,,9035,436,5,5,20,0,0
1498734294535,8,Page Returning 404,404,Not Found,Scenario 1 1-1,text,true,,3558,431,5,5,7,0,1
1498734294543,23,Home Page,200,OK,Scenario 1 1-1,text,true,,9035,436,5,5,22,0,1
1498734295044,7,Page Returning 404,404,Not Found,Scenario 1 1-5,text,true,,3558,431,5,5,7,0,1
1498734295052,23,Home Page,200,OK,Scenario 1 1-5,text,true,,9035,436,5,5,23,0,0
1498734295241,7,Page Returning 404,404,Not Found,Scenario 1 1-4,text,true,,3558,431,5,5,7,0,1
1498734295248,23,Home Page,200,OK,Scenario 1 1-4,text,true,,9035,436,5,5,23,0,1
1498734295285,7,Page Returning 404,404,Not Found,Scenario 1 1-2,text,true,,3558,431,5,5,7,0,1
1498734295292,25,Home Page,200,OK,Scenario 1 1-2,text,true,,9035,436,5,5,25,0,1
1498734295518,8,Page Returning 404,404,Not Found,Scenario 1 1-3,text,true,,3558,431,5,5,8,0,0
1498734295526,23,Home Page,200,OK,Scenario 1 1-3,text,true,,9035,436,5,5,23,0,1
1498734295624,7,Page Returning 404,404,Not Found,Scenario 1 1-1,text,true,,3558,431,5,5,7,0,1
1498734295632,25,Home Page,200,OK,Scenario 1 1-1,text,true,,9035,436,5,5,24,0,0
1498734296098,8,Page Returning 404,404,Not Found,Scenario 1 1-5,text,true,,3558,431,5,5,7,0,1
1498734296106,27,Home Page,200,OK,Scenario 1 1-5,text,true,,9035,436,5,5,27,0,0
1498734296284,8,Page Returning 404,404,Not Found,Scenario 1 1-4,text,true,,3558,431,5,5,8,0,1
1498734296292,23,Home Page,200,OK,Scenario 1 1-4,text,true,,9035,436,5,5,23,0,1
1498734296400,8,Page Returning 404,404,Not Found,Scenario 1 1-2,text,true,,3558,431,5,5,8,0,1
1498734296408,42,Home Page,200,OK,Scenario 1 1-2,text,true,,9035,436,5,5,42,0,1
1498734296621,8,Page Returning 404,404,Not Found,Scenario 1 1-3,text,true,,3558,431,5,5,8,0,0
1498734296630,23,Home Page,200,OK,Scenario 1 1-3,text,true,,9035,436,5,5,22,0,1
1498734296713,6,Page Returning 404,404,Not Found,Scenario 1 1-1,text,true,,3558,431,5,5,6,0,1
1498734296719,27,Home Page,200,OK,Scenario 1 1-1,text,true,,9035,436,5,5,27,0,1
1498734297155,9,Page Returning 404,404,Not Found,Scenario 1 1-5,text,true,,3558,431,5,5,9,0,0
1498734297165,23,Home Page,200,OK,Scenario 1 1-5,text,true,,9035,436,5,5,23,0,1
1498734297352,8,Page Returning 404,404,Not Found,Scenario 1 1-4,text,true,,3558,431,5,5,8,0,1
1498734297360,24,Home Page,200,OK,Scenario 1 1-4,text,true,,9035,436,5,5,24,0,1
1498734297549,8,Page Returning 404,404,Not Found,Scenario 1 1-2,text,true,,3558,431,5,5,8,0,1
1498734297558,27,Home Page,200,OK,Scenario 1 1-2,text,true,,9035,436,5,5,27,0,0
1498734297665,8,Page Returning 404,404,Not Found,Scenario 1 1-3,text,true,,3558,431,5,5,8,0,1
1498734297673,23,Home Page,200,OK,Scenario 1 1-3,text,true,,9035,436,5,5,22,0,1
1498734297770,12,Page Returning 404,404,Not Found,Scenario 1 1-1,text,true,,3558,431,5,5,11,0,1
1498734297782,77,Home Page,200,OK,Scenario 1 1-1,text,true,,9035,436,5,5,73,0,1
1498734298241,7,Page Returning 404,404,Not Found,Scenario 1 1-5,text,true,,3558,431,5,5,7,0,0
1498734298248,23,Home Page,200,OK,Scenario 1 1-5,text,true,,9035,436,5,5,23,0,1
1498734298432,7,Page Returning 404,404,Not Found,Scenario 1 1-4,text,true,,3558,431,5,5,7,0,1
1498734298440,25,Home Page,200,OK,Scenario 1 1-4,text,true,,9035,436,5,5,25,0,1
1498734298608,7,Page Returning 404,404,Not Found,Scenario 1 1-2,text,true,,3558,431,5,5,6,0,0
1498734298615,23,Home Page,200,OK,Scenario 1 1-2,text,true,,9035,436,5,5,23,0,0
1498734298780,8,Page Returning 404,404,Not Found,Scenario 1 1-3,text,true,,3558,431,5,5,7,0,1
1498734298788,23,Home Page,200,OK,Scenario 1 1-3,text,true,,9035,436,5,5,23,0,0
1498734298916,8,Page Returning 404,404,Not Found,Scenario 1 1-1,text,true,,3558,431,5,5,8,0,1
1498734298925,22,Home Page,200,OK,Scenario 1 1-1,text,true,,9035,436,5,5,22,0,0
1498734299374,7,Page Returning 404,404,Not Found,Scenario 1 1-5,text,true,,3558,431,5,5,7,0,1
1498734299382,23,Home Page,200,OK,Scenario 1 1-5,text,true,,9035,436,5,5,22,0,0
1498734299507,8,Page Returning 404,404,Not Found,Scenario 1 1-4,text,true,,3558,431,5,5,8,0,1
1498734299515,24,Home Page,200,OK,Scenario 1 1-4,text,true,,9035,436,5,5,24,0,0
1498734299662,8,Page Returning 404,404,Not Found,Scenario 1 1-2,text,true,,3558,431,5,5,7,0,1
1498734299670,20,Home Page,200,OK,Scenario 1 1-2,text,true,,9035,436,5,5,20,0,0
1498734299837,7,Page Returning 404,404,Not Found,Scenario 1 1-3,text,true,,3558,431,5,5,7,0,0
1498734299845,22,Home Page,200,OK,Scenario 1 1-3,text,true,,9035,436,5,5,22,0,0
1498734300035,7,Page Returning 404,404,Not Found,Scenario 1 1-1,text,true,,3558,431,5,5,7,0,1
1498734300045,22,Home Page,200,OK,Scenario 1 1-1,text,true,,9035,436,5,5,21,0,0
1498734300479,8,Page Returning 404,404,Not Found,Scenario 1 1-5,text,true,,3558,431,5,5,8,0,1
1498734300487,23,Home Page,200,OK,Scenario 1 1-5,text,true,,9035,436,5,5,23,0,0
1498734300614,8,Page Returning 404,404,Not Found,Scenario 1 1-4,text,true,,3558,431,5,5,8,0,1
1498734300622,45,Home Page,200,OK,Scenario 1 1-4,text,true,,9035,436,5,5,45,0,1
1498734300750,7,Page Returning 404,404,Not Found,Scenario 1 1-2,text,true,,3558,431,5,5,6,0,1
1498734300757,24,Home Page,200,OK,Scenario 1 1-2,text,true,,9035,436,5,5,23,0,0
1498734300879,8,Page Returning 404,404,Not Found,Scenario 1 1-3,text,true,,3558,431,5,5,8,0,1
1498734300887,25,Home Page,200,OK,Scenario 1 1-3,text,true,,9035,436,5,5,25,0,1
1498734301160,7,Page Returning 404,404,Not Found,Scenario 1 1-1,text,true,,3558,431,5,5,7,0,1
1498734301167,23,Home Page,200,OK,Scenario 1 1-1,text,true,,9035,436,5,5,22,0,1
1498734301539,8,Page Returning 404,404,Not Found,Scenario 1 1-5,text,true,,3558,431,5,5,7,0,1
1498734301547,23,Home Page,200,OK,Scenario 1 1-5,text,true,,9035,436,5,5,23,0,0
1498734301713,7,Page Returning 404,404,Not Found,Scenario 1 1-4,text,true,,3558,431,5,5,7,0,0
1498734301720,23,Home Page,200,OK,Scenario 1 1-4,text,true,,9035,436,5,5,23,0,1
1498734301865,8,Page Returning 404,404,Not Found,Scenario 1 1-2,text,true,,3558,431,5,5,8,0,1
1498734301873,23,Home Page,200,OK,Scenario 1 1-2,text,true,,9035,436,5,5,22,0,1
1498734301990,8,Page Returning 404,404,Not Found,Scenario 1 1-3,text,true,,3558,431,5,5,8,0,1
1498734301998,22,Home Page,200,OK,Scenario 1 1-3,text,true,,9035,436,5,5,22,0,1
1498734302263,7,Page Returning 404,404,Not Found,Scenario 1 1-1,text,true,,3558,431,5,5,7,0,1
1498734302270,22,Home Page,200,OK,Scenario 1 1-1,text,true,,9035,436,5,5,21,0,1
1498734302618,8,Page Returning 404,404,Not Found,Scenario 1 1-5,text,true,,3558,431,5,5,8,0,1
1498734302627,24,Home Page,200,OK,Scenario 1 1-5,text,true,,9035,436,5,5,23,0,0
1498734302746,7,Page Returning 404,404,Not Found,Scenario 1 1-4,text,true,,3558,431,5,5,7,0,1
1498734302754,23,Home Page,200,OK,Scenario 1 1-4,text,true,,9035,436,5,5,23,0,0
1498734302957,8,Page Returning 404,404,Not Found,Scenario 1 1-2,text,true,,3558,431,5,5,8,0,1
1498734302965,21,Home Page,200,OK,Scenario 1 1-2,text,true,,9035,436,5,5,21,0,0
1498734303059,7,Page Returning 404,404,Not Found,Scenario 1 1-3,text,true,,3558,431,5,5,7,0,1
1498734303067,21,Home Page,200,OK,Scenario 1 1-3,text,true,,9035,436,5,5,21,0,0
1498734303337,7,Page Returning 404,404,Not Found,Scenario 1 1-1,text,true,,3558,431,5,5,7,0,0
1498734303345,21,Home Page,200,OK,Scenario 1 1-1,text,true,,9035,436,5,5,21,0,0
1498734303679,8,Page Returning 404,404,Not Found,Scenario 1 1-5,text,true,,3558,431,5,5,8,0,1
1498734303687,24,Home Page,200,OK,Scenario 1 1-5,text,true,,9035,436,5,5,23,0,1
1498734303866,7,Page Returning 404,404,Not Found,Scenario 1 1-4,text,true,,3558,431,5,5,7,0,0
1498734303873,21,Home Page,200,OK,Scenario 1 1-4,text,true,,9035,436,5,5,21,0,1
1498734304047,8,Page Returning 404,404,Not Found,Scenario 1 1-2,text,true,,3558,431,5,5,8,0,1
1498734304055,23,Home Page,200,OK,Scenario 1 1-2,text,true,,9035,436,5,5,23,0,1
1498734304144,7,Page Returning 404,404,Not Found,Scenario 1 1-3,text,true,,3558,431,5,5,7,0,0
1498734304151,23,Home Page,200,OK,Scenario 1 1-3,text,true,,9035,436,5,5,23,0,1
1498734304426,7,Page Returning 404,404,Not Found,Scenario 1 1-1,text,true,,3558,431,5,5,7,0,1
1498734304433,25,Home Page,200,OK,Scenario 1 1-1,text,true,,9035,436,5,5,25,0,1
1498734304736,7,Page Returning 404,404,Not Found,Scenario 1 1-5,text,true,,3558,431,5,5,7,0,1
1498734304743,23,Home Page,200,OK,Scenario 1 1-5,text,true,,9035,436,5,5,22,0,0
1498734304993,7,Page Returning 404,404,Not Found,Scenario 1 1-4,text,true,,3558,431,5,5,7,0,0
1498734305000,23,Home Page,200,OK,Scenario 1 1-4,text,true,,9035,436,5,5,23,0,1
1498734305159,8,Page Returning 404,404,Not Found,Scenario 1 1-2,text,true,,3558,431,5,5,7,0,1
1498734305167,21,Home Page,200,OK,Scenario 1 1-2,text,true,,9035,436,5,5,21,0,0
1498734305226,8,Page Returning 404,404,Not Found,Scenario 1 1-3,text,true,,3558,431,5,5,7,0,0
1498734305234,21,Home Page,200,OK,Scenario 1 1-3,text,true,,9035,436,5,5,21,0,0
1498734305479,7,Page Returning 404,404,Not Found,Scenario 1 1-1,text,true,,3558,431,5,5,7,0,1
1498734305487,23,Home Page,200,OK,Scenario 1 1-1,text,true,,9035,436,5,5,22,0,0
1498734305850,7,Page Returning 404,404,Not Found,Scenario 1 1-5,text,true,,3558,431,5,5,7,0,1
1498734305858,26,Home Page,200,OK,Scenario 1 1-5,text,true,,9035,436,5,5,25,0,0
1498734306074,7,Page Returning 404,404,Not Found,Scenario 1 1-4,text,true,,3558,431,5,5,7,0,1
1498734306081,22,Home Page,200,OK,Scenario 1 1-4,text,true,,9035,436,5,5,22,0,1
1498734306221,9,Page Returning 404,404,Not Found,Scenario 1 1-2,text,true,,3558,431,5,5,8,0,1
1498734306230,22,Home Page,200,OK,Scenario 1 1-2,text,true,,9035,436,5,5,22,0,1
1498734306295,6,Page Returning 404,404,Not Found,Scenario 1 1-3,text,true,,3558,431,5,5,5,0,0
1498734306301,24,Home Page,200,OK,Scenario 1 1-3,text,true,,9035,436,5,5,24,0,0
1498734306524,7,Page Returning 404,404,Not Found,Scenario 1 1-1,text,true,,3558,431,5,5,7,0,1
1498734306531,23,Home Page,200,OK,Scenario 1 1-1,text,true,,9035,436,5,5,22,0,1
1498734306985,9,Page Returning 404,404,Not Found,Scenario 1 1-5,text,true,,3558,431,5,5,9,0,1
1498734306994,23,Home Page,200,OK,Scenario 1 1-5,text,true,,9035,436,5,5,23,0,1
1498734307180,8,Page Returning 404,404,Not Found,Scenario 1 1-4,text,true,,3558,431,5,5,8,0,1
1498734307188,25,Home Page,200,OK,Scenario 1 1-4,text,true,,9035,436,5,5,25,0,1
1498734307307,7,Page Returning 404,404,Not Found,Scenario 1 1-2,text,true,,3558,431,5,5,7,0,1
1498734307315,23,Home Page,200,OK,Scenario 1 1-2,text,true,,9035,436,5,5,22,0,0
1498734307377,6,Page Returning 404,404,Not Found,Scenario 1 1-3,text,true,,3558,431,5,5,6,0,1
1498734307383,25,Home Page,200,OK,Scenario 1 1-3,text,true,,9035,436,5,5,25,0,1
1498734307588,8,Page Returning 404,404,Not Found,Scenario 1 1-1,text,true,,3558,431,5,5,8,0,1
1498734307596,22,Home Page,200,OK,Scenario 1 1-1,text,true,,9035,436,5,5,22,0,1
1498734308047,29,Page Returning 404,404,Not Found,Scenario 1 1-5,text,true,,3558,431,5,5,29,0,1
1498734308077,31,Home Page,200,OK,Scenario 1 1-5,text,true,,9035,436,5,5,30,0,0
1498734308254,8,Page Returning 404,404,Not Found,Scenario 1 1-4,text,true,,3558,431,5,5,7,0,1
1498734308262,23,Home Page,200,OK,Scenario 1 1-4,text,true,,9035,436,5,5,22,0,1
1498734308374,7,Page Returning 404,404,Not Found,Scenario 1 1-2,text,true,,3558,431,5,5,7,0,0
1498734308381,22,Home Page,200,OK,Scenario 1 1-2,text,true,,9035,436,5,5,22,0,1
1498734308429,8,Page Returning 404,404,Not Found,Scenario 1 1-3,text,true,,3558,431,5,5,8,0,0
1498734308437,23,Home Page,200,OK,Scenario 1 1-3,text,true,,9035,436,5,5,23,0,0
1498734308639,7,Page Returning 404,404,Not Found,Scenario 1 1-1,text,true,,3558,431,5,5,7,0,1
1498734308647,21,Home Page,200,OK,Scenario 1 1-1,text,true,,9035,436,5,5,21,0,0
1498734309160,8,Page Returning 404,404,Not Found,Scenario 1 1-5,text,true,,3558,431,5,5,7,0,1
1498734309168,20,Home Page,200,OK,Scenario 1 1-5,text,true,,9035,436,5,5,20,0,0
1498734309381,9,Page Returning 404,404,Not Found,Scenario 1 1-4,text,true,,3558,431,5,5,8,0,1
1498734309390,38,Home Page,200,OK,Scenario 1 1-4,text,true,,9035,436,5,5,38,0,1
1498734309414,28,Page Returning 404,404,Not Found,Scenario 1 1-2,text,true,,3558,431,5,5,28,0,1
1498734309443,39,Home Page,200,OK,Scenario 1 1-2,text,true,,9035,436,5,5,39,0,1
1498734309547,6,Page Returning 404,404,Not Found,Scenario 1 1-3,text,true,,3558,431,5,5,6,0,1
1498734309554,22,Home Page,200,OK,Scenario 1 1-3,text,true,,9035,436,5,5,22,0,0
1498734309772,8,Page Returning 404,404,Not Found,Scenario 1 1-1,text,true,,3558,431,5,5,8,0,1
1498734309781,21,Home Page,200,OK,Scenario 1 1-1,text,true,,9035,436,5,5,21,0,0
1498734310257,8,Page Returning 404,404,Not Found,Scenario 1 1-5,text,true,,3558,431,5,5,7,0,1
1498734310265,20,Home Page,200,OK,Scenario 1 1-5,text,true,,9035,436,5,5,20,0,0
1498734310437,9,Page Returning 404,404,Not Found,Scenario 1 1-4,text,true,,3558,431,5,5,9,0,1
1498734310446,23,Home Page,200,OK,Scenario 1 1-4,text,true,,9035,436,5,5,23,0,1
1498734310577,9,Page Returning 404,404,Not Found,Scenario 1 1-2,text,true,,3558,431,5,5,8,0,0
1498734310586,28,Home Page,200,OK,Scenario 1 1-2,text,true,,9035,436,5,5,28,0,0
1498734310635,7,Page Returning 404,404,Not Found,Scenario 1 1-3,text,true,,3558,431,5,5,7,0,2
1498734310643,21,Home Page,200,OK,Scenario 1 1-3,text,true,,9035,436,5,5,21,0,0
1498734310884,8,Page Returning 404,404,Not Found,Scenario 1 1-1,text,true,,3558,431,5,5,8,0,1
1498734310892,23,Home Page,200,OK,Scenario 1 1-1,text,true,,9035,436,5,5,23,0,1
1498734311355,9,Page Returning 404,404,Not Found,Scenario 1 1-5,text,true,,3558,431,5,5,9,0,0
1498734311365,22,Home Page,200,OK,Scenario 1 1-5,text,true,,9035,436,5,5,22,0,0
1498734311489,9,Page Returning 404,404,Not Found,Scenario 1 1-4,text,true,,3558,431,5,5,9,0,1
1498734311498,23,Home Page,200,OK,Scenario 1 1-4,text,true,,9035,436,5,5,23,0,1
1498734311674,8,Page Returning 404,404,Not Found,Scenario 1 1-2,text,true,,3558,431,5,5,8,0,1
1498734311682,34,Home Page,200,OK,Scenario 1 1-2,text,true,,9035,436,5,5,29,0,1
1498734311700,17,Page Returning 404,404,Not Found,Scenario 1 1-3,text,true,,3558,431,5,5,17,0,2
1498734311718,28,Home Page,200,OK,Scenario 1 1-3,text,true,,9035,436,5,5,28,0,2
1498734311991,8,Page Returning 404,404,Not Found,Scenario 1 1-1,text,true,,3558,431,5,5,8,0,1
1498734311999,22,Home Page,200,OK,Scenario 1 1-1,text,true,,9035,436,5,5,22,0,1
1498734312408,7,Page Returning 404,404,Not Found,Scenario 1 1-5,text,true,,3558,431,5,5,7,0,1
1498734312416,22,Home Page,200,OK,Scenario 1 1-5,text,true,,9035,436,5,5,22,0,0
1498734312550,9,Page Returning 404,404,Not Found,Scenario 1 1-4,text,true,,3558,431,5,5,9,0,1
1498734312559,23,Home Page,200,OK,Scenario 1 1-4,text,true,,9035,436,5,5,23,0,1
1498734312791,13,Page Returning 404,404,Not Found,Scenario 1 1-3,text,true,,3558,431,5,5,13,0,1
1498734312795,9,Page Returning 404,404,Not Found,Scenario 1 1-2,text,true,,3558,431,5,5,9,0,1
1498734312804,43,Home Page,200,OK,Scenario 1 1-2,text,true,,9035,436,5,5,34,0,1
1498734312804,46,Home Page,200,OK,Scenario 1 1-3,text,true,,9035,436,5,5,45,0,1
1498734313037,7,Page Returning 404,404,Not Found,Scenario 1 1-1,text,true,,3558,431,5,5,7,0,0
1498734313045,23,Home Page,200,OK,Scenario 1 1-1,text,true,,9035,436,5,5,22,0,0
1498734313527,7,Page Returning 404,404,Not Found,Scenario 1 1-5,text,true,,3558,431,5,5,7,0,1
1498734313534,24,Home Page,200,OK,Scenario 1 1-5,text,true,,9035,436,5,5,24,0,1
1498734313650,8,Page Returning 404,404,Not Found,Scenario 1 1-4,text,true,,3558,431,5,5,8,0,1
1498734313659,22,Home Page,200,OK,Scenario 1 1-4,text,true,,9035,436,5,5,22,0,0
